2026-05-21 06:37:17.908 [info] Log level: Info
2026-05-21 06:37:17.909 [info] Validating found git in: "git"
2026-05-21 06:37:17.909 [info] Using git "2.34.1" from "git"
2026-05-21 06:37:17.909 [info] > git rev-parse --show-toplevel [11ms]
2026-05-21 06:37:17.909 [info] fatal: not a git repository (or any parent up to mount point /)
Stopping at filesystem boundary (GIT_DISCOVERY_ACROSS_FILESYSTEM not set).
2026-05-21 06:37:17.934 [info] > git rev-parse --show-toplevel [3ms]
2026-05-21 06:37:17.934 [info] fatal: not a git repository (or any parent up to mount point /)
Stopping at filesystem boundary (GIT_DISCOVERY_ACROSS_FILESYSTEM not set).
2026-05-21 06:37:18.040 [info] > git rev-parse --show-toplevel [9ms]
2026-05-21 06:37:18.040 [info] fatal: not a git repository (or any parent up to mount point /)
Stopping at filesystem boundary (GIT_DISCOVERY_ACROSS_FILESYSTEM not set).
2026-05-21 06:37:19.062 [info] > git rev-parse --show-toplevel [5ms]
2026-05-21 06:37:19.063 [info] fatal: not a git repository (or any parent up to mount point /)
Stopping at filesystem boundary (GIT_DISCOVERY_ACROSS_FILESYSTEM not set).
2026-05-21 06:37:19.073 [info] > git rev-parse --show-toplevel [4ms]
2026-05-21 06:37:19.073 [info] fatal: not a git repository (or any parent up to mount point /)
Stopping at filesystem boundary (GIT_DISCOVERY_ACROSS_FILESYSTEM not set).
2026-05-21 06:37:20.973 [info] > git rev-parse --show-toplevel [3ms]
2026-05-21 06:37:20.973 [info] fatal: not a git repository (or any parent up to mount point /)
Stopping at filesystem boundary (GIT_DISCOVERY_ACROSS_FILESYSTEM not set).
